---
source: tui/src/app/agents_overview_tests.rs
expression: "render_bottom_popup(&app.chat_widget, 96)"
---
  Shared agents unavailable
  This session isn’t connected to a shared background server.

› 1. Start background server  Open `codex agents` in another terminal afterward.
  2. Return to this session

  Starting a background server will not interrupt or move this session.
  Press enter to confirm or esc to go back
