---
source: tui/src/app/agents_overview_tests.rs
expression: "render_bottom_popup(&app.chat_widget,\n96).replace(&format!(\"{project}  3\"),\n&normalized_project_group).replace(&project, \"/tmp/project\")"
---
  Agent command center
  1 need input   1 working   0 ready
  ────────────────────────────────────────────────────────────────────────────────────────────
  /tmp/project  3                                     │ Task details
  › ● Build the dashboard  current  Needs input       │
    ● Repair authentication  Working                  │ Build the dashboard
    ✓ Review yesterday's changes  Finished            │ ● Needs input
                                                      │
                                                      │ Project
                                                      │ /tmp/project
                                                      │
                                                      │ Latest activity
                                                      │ Build the dashboard
                                                      │
                                                      │
                                                      │
                                                      │
                                                      │
                                                      │
                                                      │
                                                      │
                                                      │
  New task › Describe a task and press enter to dispatch it
  ↑↓ navigate  enter open  ctrl+f search  ctrl+s group  ctrl+r rename  ctrl+x stop  esc back
