---
source: tui/src/markdown_render_tests.rs
expression: rendered
---
src/lib.rs

src/lib.rs:12

src/lib.rs

C:/Repo/Src/Lib.rs

C:/Repo/Src/Lib.rs

//server/share/My File.rs

//server/share/My File.rs

My File.rs

percent%20.rs

percent%20.rs

open My File.rs (My File.rs)

other/src/lib.rs (src/lib.rs)
