---
source: tui/src/bottom_pane/tests/actionable_banner_tests.rs
assertion_line: 34
expression: rendered
---
                                                                      
  Usage limit reached                                                 
  You can change models or request more usage.                        
                                                                      
  esc to dismiss · type to continue                                   
                                                                      
                                                                      
› Ask Codex to do anything                                            
                                                                      
  ? for shortcuts                                  100% context left
