---
source: tui/src/custom_terminal/tests/cursor_tests.rs
expression: "frames.join(\"\\n\")"
---
\u{1b}[1;4H\u{1b}[39;48;5;4m\u{1b}]8;;https://example.com\u{7}界\u{1b}]8;;\u{7}\u{1b}[39m\u{1b}[49m\u{1b}[0m\u{1b}[1;4H\u{1b}[0 q\u{1b}[1;4H\u{1b}[39;48;5;4m\u{1b}]8;;https://example.com\u{7}界\u{1b}]8;;\u{7}\u{1b}[39m\u{1b}[49m\u{1b}[0m\u{1b}[1;6H\u{1b}[?25h
\u{1b}[39m\u{1b}[49m\u{1b}[0m\u{1b}[1;4H\u{1b}[0 q\u{1b}[1;4H\u{1b}[39;48;5;4m\u{1b}]8;;https://example.com\u{7}界\u{1b}]8;;\u{7}\u{1b}[39m\u{1b}[49m\u{1b}[0m\u{1b}[1;6H\u{1b}[?25h
