---
source: tui/src/chatwidget/tests/app_server.rs
expression: rendered_cases.last().unwrap().1.as_str()
---
ⓘ This content can't be shown
  We take extra caution with requests involving biological research and
  applications that could pose safety risks. Eligible researchers can apply
  for Trusted Access.
  Trusted Access: https://chatgpt.com/r/b749fb02595e04c3007a54375f3f4374
  Learn more: https://help.openai.com/en/articles/20001326
