---
source: tui/src/chatwidget/tests/backend_banners_tests.rs
assertion_line: 66
expression: rendered
---
  Selected model usage exhausted
  Ask your owner for credits or switch to another model.

  esc to dismiss · type to continue


› Ask Codex to do anything

  test-model-a default · /tmp/project
