---
source: tui/src/app/tests/misalignment_policy_tests.rs
expression: "format!(\"{errors}\\n{}\", render_bottom_popup(&app.chat_widget, 80))"
---
■ Couldn’t continue this chat. Review its latest status before trying again.
  Chat paused as a precaution
  We couldn’t confirm the agent was interpreting your instructions correctly.
  Review what we detected before deciding to continue.

› 1. Review findings
  2. New chat
  3. Resume another chat
