---
source: tui/src/app/tests/disconnect_tests.rs
expression: draft
---
queued before disconnectcopied text copied text copied text copied text
  copied text copied text copied text copied text copied text copied text
  copied text copied text copied text copied text copied text copied text
  copied text copied text copied text copied text copied text copied text
  copied text copied text copied text copied text copied text copied text
  copied text copied text copied text copied text copied text copied text
  copied text copied text copied text copied text copied text copied text
  copied text copied text copied text copied text copied text copied text
  copied text copied text copied text copied text copied text copied text
  copied text copied text copied text copied text copied text copied text
  copied text copied text copied text copied text copied text copied text
  copied text copied text copied text copied text copied text copied text
  copied text copied text copied text copied text copied text copied text
  copied text copied text copied text copied text copied text copied text
  copied text copied text copied text copied text copied text copied text
  copied text copied text copied text copied text
