---
source: tui/src/app/tests/disconnect_tests.rs
expression: "format!(\"{}\\n{}\",\nlines_to_single_string(&app.transcript_cells.last().unwrap().display_lines(80)),\nrender_bottom_popup(&app.chat_widget, 80))"
---
■ Connection lost. Attempting to reconnect…
• Reconnecting to app-server… (0s)

• Queued follow-up inputs
  ↳ queued before disconnect
    ⌥ + ↑ edit last queued message

› keep this draft!

   ctrl+c quit
