---
source: tui/src/bottom_pane/chat_composer/sparkle_tests.rs
assertion_line: 48
expression: rows
---
                                                            
› Explore the night sky                                     
                                                            
                                         100% context left
