---
source: core/tests/suite/compact_remote.rs
expression: "context_snapshot::format_request_body_diff_snapshot(scenario,\n\"Last Normal /responses Request\", &normal_request,\n\"Remote /responses/compact Request\", &compact_request,\n&ContextSnapshotOptions::default(),)"
---
Scenario: After five varied ChatGPT-auth turns, remote manual compaction reuses service_tier and prompt_cache_key while omitting responses-only fields.

--- Last Normal /responses Request
+++ Remote /responses/compact Request
-  "client_metadata": {
-    "root_turn_id": "<UUID>",
-    "session_id": "<UUID>",
-    "thread_id": "<UUID>",
-    "turn_id": "<UUID>",
-    "x-codex-installation-id": "<UUID>",
-    "x-codex-turn-metadata": "{\"installation_id\":\"<UUID>\",\"session_id\":\"<UUID>\",\"thread_id\":\"<UUID>\",\"agent_name\":\"/root\",\"turn_id\":\"<UUID>\",\"window_id\":\"<UUID>:0\",\"window_number\":0,\"context_window_id\":\"<UUID>\",\"request_kind\":\"turn\",\"root_turn_id\":\"<UUID>\",\"sandbox\":\"<SANDBOX>\",\"sandbox_mode\":\"danger-full-access\",\"auto_review_enabled\":false,\"node_repl_auto_review_required\":false,\"node_repl_disabled\":false,\"turn_started_at_unix_ms\":<UNIX_MS>}",
-    "x-codex-window-id": "<UUID>:0"
-  },
-  "include": [
-    "reasoning.encrypted_content"
-  ],
+    },
+    {
+      "content": [
+        {
+          "text": "turn five raw content",
+          "type": "reasoning_text"
+        }
+      ],
+      "encrypted_content": "YmJiYmJiYmJiYmJiYmJiYmJiYmJiYmJiYmJiYmJiYmJiYmJiYmJiYmJiYmJiYmJiYmJiYmJiYmJiYmJiYmJiYmJiYmJiYmJiYmJiYmJiYmJiYmJiYmJiYmJiYmJiYmJiYmJiYmJiYmJiYmJiYmJiYmJiYmJiYmJiYmJiYmJiYmJiYmJiYmJiYmJiYmJiYmJiYmJiYmJiYmJiYmJiYmJiYmJiYmJiYmJiYmJiYmJiYmJiYmJiYmJiYmJiYmJiYmJiYmJiYmJiYmJiYmJiYmJiYmJiYmJiYmJiYmJiYmJiYmJiYmJiYmJiYmJiYmJiYmJiYmJiYmJiYmJiYmJiYmJiYmJiYmJiYmJiYmJiYmJiYmJiYmJiYmJiYmJiYmJiYmJiYmJiYmJiYmJiYmJiYmJiYmJiYmJiYmJiYmJiYmJiYmJiYmJiYmJiYmJiYmJiYmJiYmJiYmJiYmJiYmJiYmJiYmJiYmJiYmJiYmJiYmJiYmJiYmJiYmJiYmJiYmJiYmJiYmJiYmJiYmJiYmJiYmJiYmJiYmJiYmJiYmJiYmJiYmJiYmJiYmJiYmJiYmJiYmJiYmJiYmJiYmJiYmJiYmJiYmJiYmJiYmJiYmJiYmJiYmJiYmJiYmJiYmJiYmJiYmJiYmJiYmJiYmJiYmJiYmJiYmJiYmJiYmJiYmJiYmJiYmJiYmJiYmJiYmJiYmJiYmJiYmJiYmJiYmJiYmJiYmJiYmJiYmJiYnR1cm4gZml2ZSByYXcgY29udGVudA==",
+      "summary": [
+        {
+          "text": "TURN_FIVE_REASONING",
+          "type": "summary_text"
+        }
+      ],
+      "type": "reasoning"
+    },
+    {
+      "content": [
+        {
+          "text": "TURN_FIVE_ASSISTANT",
+          "type": "output_text"
+        }
+      ],
+      "role": "assistant",
+      "type": "message"
-  "store": false,
-  "stream": true,
-  "tool_choice": "auto",
