---
source: core/src/unified_exec/stdin_approval_tests.rs
expression: reason
---
Send input to an existing terminal. This terminal retains additional permissions. It also has an internal plugin metrics write grant. The cwd is its launch directory; the terminal's current directory and state may have changed.
