---
source: tui/src/bottom_pane/chat_composer.rs
assertion_line: 5360
expression: terminal.backend()
---
"                                                            "
"› bc                                                        "
"                                                            "
"                                                            "
"                                                            "
"                                                            "
"                                                            "
"                                                            "
"                           100% context left | Vim: Normal  "
