---
source: tui/src/bottom_pane/status_line_setup.rs
expression: "render_lines(&view,\n100).lines().map(str::trim_end).collect::<Vec<_>>().join(\"\\n\")"
---

  Configure Status Line
  Select which items to display in the status line.

  Type to search
  >
› [x] Use theme colors      Apply colors from the active /theme
  ───────────────────────
  [x] hostname              Current machine hostname (omitted when unavailable)
  [x] current-dir           Current working directory
  [ ] model                 Current model name
  [ ] model-with-reasoning  Current model name with reasoning level
  [ ] reasoning             Current reasoning level
  [ ] project-name          Project name (omitted when unavailable)

  ssh-build-01.example.com · ~/codex-rs
  Press space to toggle; ←/→ to move; enter to confirm and close; esc to close
