---
source: tui/src/chatwidget/tests/status_and_layout.rs
expression: "format!(\"before completion:\\n{before_completion}\\nafter completion:\\n{}\",\nhook_status_frame(&chat, 80))"
---
before completion:
"                                                                                "
"• Working (0s • esc to interrupt) · Running hook                                "
"                                                                                "
"                                                                                "
"› Ask Codex to do anything                                                      "
"                                                                                "
"  gpt-5.6-sol default · /tmp/project                                            "
after completion:
"                                                                                "
"                                                                                "
"› Ask Codex to do anything                                                      "
"                                                                                "
"  gpt-5.6-sol default · /tmp/project                                            "
