---
source: tui/src/chatwidget/tests/status_and_layout.rs
expression: "format!(\"{first_running_snapshot}\\n\\n{second_running_snapshot}\\n\\n{older_completed_snapshot}\\n\\n{all_completed_snapshot}\")"
---
pre running
activity:
"                                                                                "
"• Thinking (0s • esc to interrupt) · checking command policy                    "
"                                                                                "
"                                                                                "
"› Ask Codex to do anything                                                      "
"                                                                                "
"  gpt-5.6-sol default · /tmp/project                                            "
history:
<empty>

post running
activity:
"                                                                                "
"• Thinking (0s • esc to interrupt) · Running hooks                              "
"                                                                                "
"                                                                                "
"› Ask Codex to do anything                                                      "
"                                                                                "
"  gpt-5.6-sol default · /tmp/project                                            "
history:
<empty>

pre completed
activity:
"                                                                                "
"• Thinking (0s • esc to interrupt) · checking output policy                     "
"                                                                                "
"                                                                                "
"› Ask Codex to do anything                                                      "
"                                                                                "
"  gpt-5.6-sol default · /tmp/project                                            "
history:
<empty>

all completed
activity:
"                                                                                "
"• Thinking (0s • esc to interrupt)                                              "
"                                                                                "
"                                                                                "
"› Ask Codex to do anything                                                      "
"                                                                                "
"  gpt-5.6-sol default · /tmp/project                                            "
history:
<empty>
