---
source: tui/src/chatwidget/tests/popups_and_settings.rs
expression: "render_bottom_popup(&chat, 80)"
---
  Experimental features
  Checked features are configured on. Some experimental features take effect
  only in new tasks or after restarting the Codex server.
  Loading server experiments…



  Press space to select or enter to save
