---
source: tui/src/chatwidget/tests/permissions.rs
assertion_line: 610
expression: "setup.replace(&chat.config.cwd.display().to_string(), \"[CWD]\")"
---
• Setting up sandbox... (0s)
  └ Hang tight, this may take a few minutes


› Input disabled until setup completes.

  gpt-5.6-sol default · [CWD]
