---
source: tui/src/chatwidget/tests/bedrock_catalog_tests.rs
expression: "render_bottom_popup(&chat, 100)"
---
  Select Model and Effort
  Access legacy models by running codex -m <model_name> or in your config.toml

› 1. openai.gpt-5.6-sol (current)  Latest frontier agentic coding model.
  2. openai.gpt-6-astra            Our most capable model for complex, demanding work.
  3. openai.gpt-5.6-terra          Balanced agentic coding model for everyday work.
  4. openai.gpt-5.6-luna           Fast and affordable agentic coding model.
  5. openai.gpt-5.5                Frontier model for complex coding, research, and real-world
                                   work.
  6. openai.gpt-5.4                Strong model for everyday coding.

  Press enter to confirm or esc to go back
