---
source: tui/src/chatwidget/tests/status_and_layout.rs
expression: "format!(\"before reveal:\\n{hidden}\\nrunning:\\n{running}\\ncompleted:\\n{}\",\nhook_status_frame(&chat, 80),)"
---
before reveal:
"                                                                                "
"                                                                                "
"› Ask Codex to do anything                                                      "
"                                                                                "
"  gpt-5.6-sol default · /tmp/project                                            "
running:
"                                                                                "
"• Running hook                                                                  "
"                                                                                "
"                                                                                "
"› Ask Codex to do anything                                                      "
"                                                                                "
"  gpt-5.6-sol default · /tmp/project                                            "
completed:
"                                                                                "
"                                                                                "
"› Ask Codex to do anything                                                      "
"                                                                                "
"  gpt-5.6-sol default · /tmp/project                                            "
