---
source: tui/src/onboarding/trust_directory.rs
expression: "terminal.backend().to_string().lines().map(str::trim_end).collect::<Vec<_>>().join(\"\\n\")"
---
> You are in /srv/remote/project/nested

  Note: You’re in a subdirectory of a Git project. Trusting will apply
  to the repository root: /srv/remote/project

  Do you trust the contents of this directory? Working with untrusted
  contents comes with higher risk of prompt injection. Trusting the
  directory allows project-local config, hooks, and exec policies to
  load.

› 1. Yes, continue
  2. No, quit

  Press enter to continue
