---
source: tui/src/history_cell/tests.rs
assertion_line: 821
expression: rendered
---
ⓘ This content can’t be shown
  We take extra care with some
  cybersecurity requests. If
  you’re doing authorized security
  work, apply for Daybreak to get
  broader access.
  Learn more: https://
  help.openai.com/en/
  articles/20001326
  Apply for Daybreak: https://
  openai.com/form/enterprise-
  trusted-access-for-cyber/
