---
source: tui/src/history_cell/tests.rs
expression: rendered
---
╭─────────────────────────────────────────────────╮
│ ✨ Update available! 0.0.0 -> 9.9.9             │
│ Run vp install -g @openai/codex to update.      │
│                                                 │
│ See full release notes:                         │
│ https://github.com/openai/codex/releases/latest │
╰─────────────────────────────────────────────────╯
